 Array                    Elements         MiB
 -------------------------------------------------------
                 gamexist         882525          3.367
             chanisoexist          88560          0.338
                  bassign         882525          0.842
                 xspopph2       15234345         58.114
                 preeqpop        9105075         34.733
                    xspop        9105075         69.466
               wemission2        4386627         16.734
                     xsrp        1382400          5.273
                   Tjlnex         180621          0.689
            fxsgamdischan              1          0.000
                areaejlab         342398          1.306
               areareclab         220500          0.841
                xsastroex         616025          4.700
                 phdensjp              1          0.000
                  Erescue              0          0.000
                  frescue              0          0.000
                 phtable1              0          0.000
                 phtable2              0          0.000
                   ddxrec              0          0.000
                 feedexcl              0          0.000
                   qrpa%e           8428          0.032
                   qrpa%f          92708          0.354
                 qrpa%fJP              0          0.000
 QRPA total                       101136          0.386
 -------------------------------------------------------
 TOTAL listed module arrays                     196.789 MiB

 Local automatic arrays (estimated from declarations)
 Array                    Elements         MiB
 -------------------------------------------------------

