 Array                    Elements         MiB
 -------------------------------------------------------
                 gamexist         882525          3.367
             chanisoexist          88560          0.338
                  bassign         882525          0.842
                 preeqpop              1          0.000
                    xspop              1          0.000
               wemission2          89523          0.342
                   Tjlnex         180621          0.689
            fxsgamdischan              0          0.000
                areaejlab         342398          1.306
               areareclab         220500          0.841
                xsastroex         616025          4.700
                 phdensjp              1          0.000
                     xsrp              0          0.000
                  Erescue              0          0.000
                  frescue              0          0.000
                 phtable1              0          0.000
                 phtable2              0          0.000
                   ddxrec              0          0.000
                 feedexcl              0          0.000
                   qrpa%e           8428          0.032
                   qrpa%f          92708          0.354
                 qrpa%fJP              0          0.000
 QRPA total                       101136          0.386
 -------------------------------------------------------
 TOTAL listed module arrays                      12.810 MiB

 Local automatic arrays (estimated from declarations)
 Array                    Elements         MiB
 -------------------------------------------------------

