 Array                    Elements         MiB
 -------------------------------------------------------
                 gamexist         882525          3.367
             chanisoexist          88560          0.338
                  bassign         882525          0.842
                  ldtable       15756300        120.211
                 ldtableT         384300          2.932
                 ldtableN         384300          2.932
                 xspopph2       15234345         58.114
                 preeqpop        9105075         34.733
                    xspop        9105075         69.466
               wemission2        4386627         16.734
                     xsrp        1382400          5.273
                   Tjlnex         180621          0.689
            fxsgamdischan        5917120         22.572
                areaejlab         342398          1.306
               areareclab         220500          0.841
                xsastroex         616025          4.700
                  sfactor        9105075         34.733
                 phdensjp        2978325         22.723
                  Erescue              0          0.000
                  frescue              0          0.000
                 phtable1              0          0.000
                 phtable2              0          0.000
                   ddxrec              0          0.000
                 feedexcl              0          0.000
                   qrpa%e          25284          0.096
                   qrpa%f         783804          2.990
                 qrpa%fJP              0          0.000
 QRPA total                       809088          3.086
 -------------------------------------------------------
 TOTAL listed module arrays                     405.592 MiB

 Local automatic arrays (estimated from declarations)
 Array                    Elements         MiB
 -------------------------------------------------------
 specexcl (local)               45660384        174.181

