 Doppler Broaden ENDF/B Cross Sections (SIGMA1 2023-1)
 -------------------------------------------------------------------------------
 Retrieval Criteria-----------        MAT
 Monitor Mode-----------------        Off
 Temperature------------------ 293.160004 KELVIN
 Mimimum Cross Section-------- 1.0000E-30 (No Longer an Input Option)
 Negative Cross Section------- Make = 0 (No Negative Outout)
 Unresolved Resonances Region- Copy (No Broadening)
 -------------------------------------------------------------------------------
 ENDF/B Input and Output Data Filenames
 -------------------------------------------------------------------------------
 n-Y089.res.point0                                                       
 n-Y089.res.point                                                        
 -------------------------------------------------------------------------------
 Requested MAT Ranges
 -------------------------------------------------------------------------------
     Mimimum    Maximum
 -------------------------------------------------------------------------------
           0       9999 (Default Option)
 -------------------------------------------------------------------------------
 Allowable Uncertainty
 -------------------------------------------------------------------------------
      Energy Uncertainty   per-cent
 -------------------------------------------------------------------------------
  0.0         .001000000     0.1000 (Default Option)
 -------------------------------------------------------------------------------
 ENDF/B Tape Label
 -------------------------------------------------------------------------------
  n-Y089.res.tendl.2025: Merger of MF1 and MF2                       99
 -------------------------------------------------------------------------------
 Projectile        MAT  MT ENDF/B     Kelvin     Q-Value   Points   Points
       Material            Format         In          eV       In      Out
 -------------------------------------------------------------------------------
 n    39-Y -89    3925   1  6     0.0         0.0           51159     7781          
 n    39-Y -89    3925   2  6     0.0         0.0           51159     7516          
 n    39-Y -89    3925 102  6     0.0         0.0           51159    20148          
 -------------------------------------------------------------------------------
 No Unresolved Region                         MAT Totals   153477    35445
 -------------------------------------------------------------------------------
 ===============================================================================
      MAT Total Execution Time                1.47 Seconds
 ===============================================================================
 ------------------------------------------------------------------------------
 All Cross Sections Read. Maximum Tabulated Energy =  100000.000 eV
 ------------------------------------------------------------------------------
 -------------------------------------------------------------------------------
                                             Tape Totals   153477    35445
 -------------------------------------------------------------------------------
 ===============================================================================
 GROUPIE  Total Execution Time                1.47 Seconds
 ===============================================================================
